<?xml version="1.0" encoding="UTF-8"?>
<!DOCTYPE pkgmetadata SYSTEM "https://www.gentoo.org/dtd/metadata.dtd">
<pkgmetadata>
	<use>
		<flag name="systemd">enables systemd installation</flag>
	</use>
	<maintainer type="person">
		<email>maintainer@example.com</email>
		<name>Maintainer</name>
	</maintainer>
	<longdescription>This is a test-project long description</longdescription>
	<upstream>
		<bugs-to>https://github.com/goreleaser/goreleaser/issues</bugs-to>
		<doc>https://goreleaser.com</doc>
		<remote-id type="github">goreleaser/test-project</remote-id>
	</upstream>
</pkgmetadata>
